[     155ms] [ERROR] Connecting to 'https://geolocation.onetrust.com/cookieconsentpub/v1/geo/location' violates the following Content Security Policy directive: "connect-src 'self' https://www.paypal.com https://www.sandbox.paypal.com https://iata.my.salesforce-scrt.com https://fonts.googleapis.com/css2 https://payments.salesforce.com/ https://cdn.content.aws-dev2-uswest2.aws.sfdc.cl/ https://checkoutshopper-live.adyen.com/ https://checkoutshopper-test.adyen.com/ https://js.stripe.com/ https://www.google.com/recaptcha/ https://*.api.salesforce.com https://o11y.sfproxy-core1.sfdc-ei37dk.svc.sfdcfc.net/ui-telemetry https://stat.userguiding.com https://fonts.googleapis.com https://static.userguiding.com https://api.ipify.org https://iata--c.eu3.content.force.com https://iata--c.eu12.content.force.com https://c.la11-core1.sfdc-ei37dk.salesforceliveagent.com https://fonts.gstatic.com https://media.userguiding.com https://portal.iata.org https://iata--c.eu12.visual.force.com https://identity.iata.org https://www.iata.org https://s3-eu-west-1.amazonaws.com wss://ws2.hotjar.com http://local.hotjar.com wss://ws10.hotjar.com wss://ws9.hotjar.com https://ws10.hotjar.com https://vc.hotjar.io https://in.hotjar.com https://script.hotjar.com https://vars.hotjar.com *.debounce.io https://nps.userguiding.com *.google-analytics.com https://iata--c.eu32.visual.force.com https://iata.my.salesforce.com iata--sitestudio.eu32.force.com https://stats.g.doubleclick.net https://go.updates.iata.org https://www.googletagmanager.com https://d6tizftlrpuof.cloudfront.net https://w.usabilla.com https://api.usabilla.com https://www.getfeedback.com https://iata--c.vf.force.com https://iata.my.site.com https://content.instrumentation.getconga.com https://data.instrumentation.getconga.com https://*.congamerge.com https://services.congamerge.com https://*.congaplatform.com https://app.launchdarkly.com https://metrics.userguiding.com https://user.userguiding.com https://ipinfo.io *.forceusercontent.com https://tagmanager.google.com https://www.gstatic.com https://ssl.gstatic.com https://region1.analytics.google.com https://che30.sfdc-ei37dk.salesforce.com https://d.la11-core1.sfdc-ei37dk.salesforceliveagent.com https://pi.pardot.com https://sdk.userguiding.com https://www.clarity.ms https://static.hotjar.com https://snap.licdn.com https://analytics.google.com https://cdn.cookielaw.org https://demo.arcade.software https://app.arcade.software". The action has been blocked. @ https://cdn.cookielaw.org/scripttemplates/otSDKStub.js:0
[     700ms] [ERROR] Refused to apply style from 'https://portal.iata.org/s/sfsites/c/resource/c/cssLibrary' because its MIME type ('text/html') is not a supported stylesheet MIME type, and strict MIME checking is enabled. @ https://portal.iata.org/faq/s/article/Where-can-I-find-the-IATA-Calendar?language=en_US:0
[    2084ms] [WARNING] ComponentProfiler: Component-level profiling has not been enabled. @ https://portal.iata.org/components/instrumentation/componentProfiler.js:0
[    2120ms] [LOG] %cO11Y%c Error color:white;background-color:#FF6600;font-weight:bold color:white;background-color:Crimson {name: Error, message: Unsupported WebVital metrics: [2], stack: Error: Unsupported WebVital metrics: [2]
    at q.…rcU92bkExNC4xOTIuODM4ODYwOA/aura_prod.js:435:183)} {timestamp: 1787800265260.3, rootId: undefined, sequence: 1, schemaSequence: 1, loggerName: WebVitals} @ https://portal.iata.org/components/o11y/client.js:0
[    2501ms] [ERROR] {status: 500, body: Object, headers: Object, ok: false, statusText: Server Error} @ https://portal.iata.org/faq/s/article/modules/c/logger.js:0
[    2504ms] Object
[    3340ms] [WARNING] <lightning-spinner> The alternativeText attribute should not be empty. Please add a description of what is causing the wait. @ https://portal.iata.org/components/lightning/spinner.js:0
[    3342ms] [WARNING] <lightning-spinner> The alternativeText attribute should not be empty. Please add a description of what is causing the wait. @ https://portal.iata.org/components/lightning/spinner.js:0
[    3772ms] [ERROR] Connecting to 'https://privacyportal-ch.onetrust.com/request/v1/consentreceipts/anonymous' violates the following Content Security Policy directive: "connect-src 'self' https://www.paypal.com https://www.sandbox.paypal.com https://iata.my.salesforce-scrt.com https://fonts.googleapis.com/css2 https://payments.salesforce.com/ https://cdn.content.aws-dev2-uswest2.aws.sfdc.cl/ https://checkoutshopper-live.adyen.com/ https://checkoutshopper-test.adyen.com/ https://js.stripe.com/ https://www.google.com/recaptcha/ https://*.api.salesforce.com https://o11y.sfproxy-core1.sfdc-ei37dk.svc.sfdcfc.net/ui-telemetry https://stat.userguiding.com https://fonts.googleapis.com https://static.userguiding.com https://api.ipify.org https://iata--c.eu3.content.force.com https://iata--c.eu12.content.force.com https://c.la11-core1.sfdc-ei37dk.salesforceliveagent.com https://fonts.gstatic.com https://media.userguiding.com https://portal.iata.org https://iata--c.eu12.visual.force.com https://identity.iata.org https://www.iata.org https://s3-eu-west-1.amazonaws.com wss://ws2.hotjar.com http://local.hotjar.com wss://ws10.hotjar.com wss://ws9.hotjar.com https://ws10.hotjar.com https://vc.hotjar.io https://in.hotjar.com https://script.hotjar.com https://vars.hotjar.com *.debounce.io https://nps.userguiding.com *.google-analytics.com https://iata--c.eu32.visual.force.com https://iata.my.salesforce.com iata--sitestudio.eu32.force.com https://stats.g.doubleclick.net https://go.updates.iata.org https://www.googletagmanager.com https://d6tizftlrpuof.cloudfront.net https://w.usabilla.com https://api.usabilla.com https://www.getfeedback.com https://iata--c.vf.force.com https://iata.my.site.com https://content.instrumentation.getconga.com https://data.instrumentation.getconga.com https://*.congamerge.com https://services.congamerge.com https://*.congaplatform.com https://app.launchdarkly.com https://metrics.userguiding.com https://user.userguiding.com https://ipinfo.io *.forceusercontent.com https://tagmanager.google.com https://www.gstatic.com https://ssl.gstatic.com https://region1.analytics.google.com https://che30.sfdc-ei37dk.salesforce.com https://d.la11-core1.sfdc-ei37dk.salesforceliveagent.com https://pi.pardot.com https://sdk.userguiding.com https://www.clarity.ms https://static.hotjar.com https://snap.licdn.com https://analytics.google.com https://cdn.cookielaw.org https://demo.arcade.software https://app.arcade.software". The action has been blocked. @ https://portal.iata.org/components/o11y/client.js:0
[    3773ms] [LOG] %cO11Y%c Error color:white;background-color:#FF6600;font-weight:bold color:white;background-color:Crimson {name: Error, message: XHR Network-Level Error, stack: Error: XHR Network-Level Error
    at XMLHttpReque…rcU92bkExNC4xOTIuODM4ODYwOA/aura_prod.js:28:5672), activityId: 1106f211a191c76b} {timestamp: 1787800266915.4001, rootId: 735028c99e648129, sequence: 23, schemaSequence: 2, loggerName: Network} @ https://portal.iata.org/components/o11y/client.js:0
[    4570ms] TypeError: Cannot read properties of undefined (reading 'split')
    at eval (https://portal.iata.org/faq/s/article/modules/c/portalFAQArticleAccordion.js:1:16890)
[    5681ms] [WARNING] <lightning-spinner> The alternativeText attribute should not be empty. Please add a description of what is causing the wait. @ https://portal.iata.org/components/lightning/spinner.js:0
[    6233ms] [LOG] {InstrumentationResult :  ( RECEIVED = 7 , SUCCESS -> UE = 1 , SUCCESS -> LOG = 7 , SUCCESS -> CE = 1 , Topic = AILTN )  , TelemetryResponse : ( AsyncResults )O11yInstrumentationResult : O11y Logs successfully processed by instrumentation-processing: Object} @ https://portal.iata.org/libraries/instrumentation/beaconLib.BeaconLibrary.js:43
[    6506ms] [LOG] {InstrumentationResult :  (  )  , TelemetryResponse : ( AsyncResults )O11yInstrumentationResult : O11y Logs successfully processed by instrumentation-processing: Object} @ https://portal.iata.org/libraries/instrumentation/beaconLib.BeaconLibrary.js:43
[   20363ms] [ERROR] Refused to apply style from 'https://portal.iata.org/s/sfsites/c/resource/c/cssLibrary' because its MIME type ('text/html') is not a supported stylesheet MIME type, and strict MIME checking is enabled. @ https://portal.iata.org/faq/s/article/Where-can-I-find-IATA-BSP-CASS-bank-account-details?language=en_US:0
[   20414ms] [WARNING] ComponentProfiler: Component-level profiling has not been enabled. @ https://portal.iata.org/components/instrumentation/componentProfiler.js:0
[   20427ms] [LOG] %cO11Y%c Error color:white;background-color:#FF6600;font-weight:bold color:white;background-color:Crimson {name: Error, message: Unsupported WebVital metrics: [2], stack: Error: Unsupported WebVital metrics: [2]
    at q.…rcU92bkExNC4xOTIuODM4ODYwOA/aura_prod.js:435:183)} {timestamp: 1787800283569.1, rootId: undefined, sequence: 1, schemaSequence: 1, loggerName: WebVitals} @ https://portal.iata.org/components/o11y/client.js:0
[   20785ms] [ERROR] {status: 500, body: Object, headers: Object, ok: false, statusText: Server Error} @ https://portal.iata.org/faq/s/article/modules/c/logger.js:0
[   20785ms] Object
[   20823ms] [WARNING] <lightning-spinner> The alternativeText attribute should not be empty. Please add a description of what is causing the wait. @ https://portal.iata.org/components/lightning/spinner.js:0
[   20825ms] [WARNING] <lightning-spinner> The alternativeText attribute should not be empty. Please add a description of what is causing the wait. @ https://portal.iata.org/components/lightning/spinner.js:0
[   21869ms] TypeError: Cannot read properties of undefined (reading 'split')
    at eval (https://portal.iata.org/faq/s/article/modules/c/portalFAQArticleAccordion.js:1:16890)
[   22859ms] [ERROR] Refused to apply style from 'https://portal.iata.org/s/sfsites/c/resource/c/cssLibrary' because its MIME type ('text/html') is not a supported stylesheet MIME type, and strict MIME checking is enabled. @ https://portal.iata.org/faq/s/article/Where-can-I-find-the-IATA-Calendar?language=en_US:0
[   22891ms] [WARNING] ComponentProfiler: Component-level profiling has not been enabled. @ https://portal.iata.org/components/instrumentation/componentProfiler.js:0
[   22905ms] [LOG] %cO11Y%c Error color:white;background-color:#FF6600;font-weight:bold color:white;background-color:Crimson {name: Error, message: Unsupported WebVital metrics: [2], stack: Error: Unsupported WebVital metrics: [2]
    at q.…rcU92bkExNC4xOTIuODM4ODYwOA/aura_prod.js:435:183)} {timestamp: 1787800286046.5999, rootId: undefined, sequence: 1, schemaSequence: 1, loggerName: WebVitals} @ https://portal.iata.org/components/o11y/client.js:0
[   23166ms] [WARNING] <lightning-spinner> The alternativeText attribute should not be empty. Please add a description of what is causing the wait. @ https://portal.iata.org/components/lightning/spinner.js:0
[   23168ms] [WARNING] <lightning-spinner> The alternativeText attribute should not be empty. Please add a description of what is causing the wait. @ https://portal.iata.org/components/lightning/spinner.js:0
[   23259ms] [ERROR] {status: 500, body: Object, headers: Object, ok: false, statusText: Server Error} @ https://portal.iata.org/faq/s/article/modules/c/logger.js:0
[   23260ms] Object
[   24160ms] TypeError: Cannot read properties of undefined (reading 'split')
    at eval (https://portal.iata.org/faq/s/article/modules/c/portalFAQArticleAccordion.js:1:16890)
[   25330ms] [WARNING] <lightning-spinner> The alternativeText attribute should not be empty. Please add a description of what is causing the wait. @ https://portal.iata.org/components/lightning/spinner.js:0
[   25880ms] [LOG] {InstrumentationResult :  ( RECEIVED = 7 , SUCCESS -> LOG = 7 , SUCCESS -> UE = 1 , SUCCESS -> CE = 1 , Topic = AILTN )  , TelemetryResponse : ( AsyncResults )O11yInstrumentationResult : O11y Logs successfully processed by instrumentation-processing: Object} @ https://portal.iata.org/libraries/instrumentation/beaconLib.BeaconLibrary.js:43
[   26133ms] [LOG] {InstrumentationResult :  (  )  , TelemetryResponse : ( AsyncResults )O11yInstrumentationResult : O11y Logs successfully processed by instrumentation-processing: Object} @ https://portal.iata.org/libraries/instrumentation/beaconLib.BeaconLibrary.js:43
[   45185ms] [ERROR] Refused to apply style from 'https://portal.iata.org/s/sfsites/c/resource/c/cssLibrary' because its MIME type ('text/html') is not a supported stylesheet MIME type, and strict MIME checking is enabled. @ https://portal.iata.org/faq/s/article/What-is-the-Remittance-Date?language=en_US:0
[   45219ms] [WARNING] ComponentProfiler: Component-level profiling has not been enabled. @ https://portal.iata.org/components/instrumentation/componentProfiler.js:0
[   45231ms] [LOG] %cO11Y%c Error color:white;background-color:#FF6600;font-weight:bold color:white;background-color:Crimson {name: Error, message: Unsupported WebVital metrics: [2], stack: Error: Unsupported WebVital metrics: [2]
    at q.…rcU92bkExNC4xOTIuODM4ODYwOA/aura_prod.js:435:183)} {timestamp: 1787800308372.7998, rootId: undefined, sequence: 1, schemaSequence: 1, loggerName: WebVitals} @ https://portal.iata.org/components/o11y/client.js:0
[   45575ms] [ERROR] {status: 500, body: Object, headers: Object, ok: false, statusText: Server Error} @ https://portal.iata.org/faq/s/article/modules/c/logger.js:0
[   45576ms] Object
[   45637ms] [WARNING] <lightning-spinner> The alternativeText attribute should not be empty. Please add a description of what is causing the wait. @ https://portal.iata.org/components/lightning/spinner.js:0
[   45638ms] [WARNING] <lightning-spinner> The alternativeText attribute should not be empty. Please add a description of what is causing the wait. @ https://portal.iata.org/components/lightning/spinner.js:0
[   46739ms] TypeError: Cannot read properties of undefined (reading 'split')
    at eval (https://portal.iata.org/faq/s/article/modules/c/portalFAQArticleAccordion.js:1:16890)
[   47672ms] [WARNING] <lightning-spinner> The alternativeText attribute should not be empty. Please add a description of what is causing the wait. @ https://portal.iata.org/components/lightning/spinner.js:0
[   48233ms] [LOG] {InstrumentationResult :  ( RECEIVED = 7 , SUCCESS -> LOG = 7 , SUCCESS -> UE = 1 , SUCCESS -> CE = 1 , Topic = AILTN )  , TelemetryResponse : ( AsyncResults )O11yInstrumentationResult : O11y Logs successfully processed by instrumentation-processing: Object} @ https://portal.iata.org/libraries/instrumentation/beaconLib.BeaconLibrary.js:43
[   48490ms] [LOG] {InstrumentationResult :  (  )  , TelemetryResponse : ( AsyncResults )O11yInstrumentationResult : O11y Logs successfully processed by instrumentation-processing: Object} @ https://portal.iata.org/libraries/instrumentation/beaconLib.BeaconLibrary.js:43
[   50960ms] [ERROR] Refused to apply style from 'https://portal.iata.org/s/sfsites/c/resource/c/cssLibrary' because its MIME type ('text/html') is not a supported stylesheet MIME type, and strict MIME checking is enabled. @ https://portal.iata.org/faq/s/article/Where-can-I-find-the-IATA-Calendar?language=en_US:0
[   50994ms] [WARNING] ComponentProfiler: Component-level profiling has not been enabled. @ https://portal.iata.org/components/instrumentation/componentProfiler.js:0
[   51007ms] [LOG] %cO11Y%c Error color:white;background-color:#FF6600;font-weight:bold color:white;background-color:Crimson {name: Error, message: Unsupported WebVital metrics: [2], stack: Error: Unsupported WebVital metrics: [2]
    at q.…rcU92bkExNC4xOTIuODM4ODYwOA/aura_prod.js:435:183)} {timestamp: 1787800314148.4, rootId: undefined, sequence: 1, schemaSequence: 1, loggerName: WebVitals} @ https://portal.iata.org/components/o11y/client.js:0
[   51265ms] [WARNING] <lightning-spinner> The alternativeText attribute should not be empty. Please add a description of what is causing the wait. @ https://portal.iata.org/components/lightning/spinner.js:0
[   51267ms] [WARNING] <lightning-spinner> The alternativeText attribute should not be empty. Please add a description of what is causing the wait. @ https://portal.iata.org/components/lightning/spinner.js:0
[   51352ms] [ERROR] {status: 500, body: Object, headers: Object, ok: false, statusText: Server Error} @ https://portal.iata.org/faq/s/article/modules/c/logger.js:0
[   51352ms] Object
[   52262ms] TypeError: Cannot read properties of undefined (reading 'split')
    at eval (https://portal.iata.org/faq/s/article/modules/c/portalFAQArticleAccordion.js:1:16890)
[   53755ms] [WARNING] <lightning-spinner> The alternativeText attribute should not be empty. Please add a description of what is causing the wait. @ https://portal.iata.org/components/lightning/spinner.js:0
[   54218ms] [LOG] {InstrumentationResult :  ( RECEIVED = 7 , SUCCESS -> LOG = 7 , SUCCESS -> UE = 1 , SUCCESS -> CE = 1 , Topic = AILTN )  , TelemetryResponse : ( AsyncResults )O11yInstrumentationResult : O11y Logs successfully processed by instrumentation-processing: Object} @ https://portal.iata.org/libraries/instrumentation/beaconLib.BeaconLibrary.js:43
[   54476ms] [LOG] {InstrumentationResult :  (  )  , TelemetryResponse : ( AsyncResults )O11yInstrumentationResult : O11y Logs successfully processed by instrumentation-processing: Object} @ https://portal.iata.org/libraries/instrumentation/beaconLib.BeaconLibrary.js:43
[  253018ms] [ERROR] Refused to apply style from 'https://portal.iata.org/s/sfsites/c/resource/c/cssLibrary' because its MIME type ('text/html') is not a supported stylesheet MIME type, and strict MIME checking is enabled. @ https://portal.iata.org/faq/s/article/What-is-the-Remittance-Date?language=en_US:0
[  253144ms] [WARNING] ComponentProfiler: Component-level profiling has not been enabled. @ https://portal.iata.org/components/instrumentation/componentProfiler.js:0
[  253176ms] [LOG] %cO11Y%c Error color:white;background-color:#FF6600;font-weight:bold color:white;background-color:Crimson {name: Error, message: Unsupported WebVital metrics: [2], stack: Error: Unsupported WebVital metrics: [2]
    at q.…rcU92bkExNC4xOTIuODM4ODYwOA/aura_prod.js:435:183)} {timestamp: 1787800516316.9, rootId: undefined, sequence: 1, schemaSequence: 1, loggerName: WebVitals} @ https://portal.iata.org/components/o11y/client.js:0
[  253561ms] [ERROR] {status: 500, body: Object, headers: Object, ok: false, statusText: Server Error} @ https://portal.iata.org/faq/s/article/modules/c/logger.js:0
[  253565ms] Object
[  253622ms] [WARNING] <lightning-spinner> The alternativeText attribute should not be empty. Please add a description of what is causing the wait. @ https://portal.iata.org/components/lightning/spinner.js:0
[  253623ms] [WARNING] <lightning-spinner> The alternativeText attribute should not be empty. Please add a description of what is causing the wait. @ https://portal.iata.org/components/lightning/spinner.js:0
[  254802ms] TypeError: Cannot read properties of undefined (reading 'split')
    at eval (https://portal.iata.org/faq/s/article/modules/c/portalFAQArticleAccordion.js:1:16890)
[  255719ms] [WARNING] <lightning-spinner> The alternativeText attribute should not be empty. Please add a description of what is causing the wait. @ https://portal.iata.org/components/lightning/spinner.js:0
[  256343ms] [LOG] {InstrumentationResult :  ( RECEIVED = 7 , SUCCESS -> LOG = 7 , SUCCESS -> UE = 1 , SUCCESS -> CE = 1 , Topic = AILTN )  , TelemetryResponse : ( AsyncResults )O11yInstrumentationResult : O11y Logs successfully processed by instrumentation-processing: Object} @ https://portal.iata.org/libraries/instrumentation/beaconLib.BeaconLibrary.js:43
[  256636ms] [LOG] {InstrumentationResult :  (  )  , TelemetryResponse : ( AsyncResults )O11yInstrumentationResult : O11y Logs successfully processed by instrumentation-processing: Object} @ https://portal.iata.org/libraries/instrumentation/beaconLib.BeaconLibrary.js:43
